Microchip MPLAB XC8 Compiler V2.40

Linker command line:

-W-3 \
  --edf=C:\Program Files\Microchip\xc8\v2.40\pic\dat\20220703182018_en.msgs \
  -cn -h+dist/default/production\LABORATORIO4.X.production.sym \
  --cmf=dist/default/production\LABORATORIO4.X.production.cmf -z -Q16F887 \
  -oC:\Users\eacat\AppData\Local\Temp\xcAs4n0.4 --defsym=__MPLAB_BUILD=1 \
  --fixupoverflow=error \
  -Mdist/default/production/LABORATORIO4.X.production.map \
  --md=C:\Users\eacat\AppData\Local\Temp\xcAs4n0.dat -E1 -ver=XC8 Compiler \
  --acfsm=1493 -ACODE=00h-07FFhx4 -ASTRCODE=00h-01FFFh -ASTRING=00h-0FFhx32 \
  -ACONST=00h-0FFhx32 -AENTRY=00h-0FFhx32 -ACOMMON=070h-07Fh \
  -ABANK0=020h-06Fh -ABANK1=0A0h-0EFh -ABANK2=0110h-016Fh \
  -ABANK3=0190h-01EFh -ARAM=020h-06Fh,0A0h-0EFh,0110h-016Fh,0190h-01EFh \
  -AABS1=020h-07Fh,0A0h-0EFh,0110h-016Fh,0190h-01EFh -ASFR0=00h-01Fh \
  -ASFR1=080h-09Fh -ASFR2=0100h-010Fh -ASFR3=0180h-018Fh \
  -ACONFIG=02007h-02008h -DCONFIG=2 -AIDLOC=02000h-02003h -DIDLOC=2 \
  -AEEDATA=00h-0FFh/02100h -peeprom_data=EEDATA -DEEDATA=2 -DCODE=2 \
  -DSTRCODE=2 -DSTRING=2 -DCONST=2 -DENTRY=2 \
  -preset_vec=00h,intentry=04h,init,end_init -ppowerup=CODE -pcinit=CODE \
  -pfunctab=ENTRY -k C:\Users\eacat\AppData\Local\Temp\xcAs4n0.o \
  dist/default/production\LABORATORIO4.X.production.o 

Object code version is 3.11

Machine type is 16F887



                Name                               Link     Load   Length Selector   Space Scale
C:\Users\eacat\AppData\Local\Temp\xcAs4n0.o
                end_init                              C        C        3        8       0
                reset_vec                             0        0        3        0       0
                config                             2007     2007        2        0       4
                idloc                              2000     2000        4        0       5
dist/default/production\LABORATORIO4.X.production.o
                cinit                                 F        F       22        8       0
                intentry                              4        4        8        8       0
                config                             2007     2007        2        0       4
                idloc                              2000     2000        4        0       5
                text44                             13F5     13F5        B     27EA       0
                text43                              990      990       6E     1320       0
                text42                             144C     144C       17     2898       0
                text41                             1463     1463       1A     28C6       0
                text40                              927      927       69     124E       0
                text39                              806      806       5B     100C       0
                text38                             157E     157E       32     2AFC       0
                text37                             140B     140B        D     2816       0
                text36                             1418     1418        D     2830       0
                text35                             15B0     15B0       32     2B60       0
                text34                             13E3     13E3        9     27C6       0
                text33                             13EC     13EC        9     27D8       0
                text32                              7F6      7F6        A        8       0
                text31                             1425     1425        D     284A       0
                text30                             13CB     13CB        8     2796       0
                text29                             1432     1432        D     2864       0
                text28                             13D3     13D3        8     27A6       0
                text27                             13DB     13DB        8     27B6       0
                text26                             1400     1400        B     2800       0
                text25                             14B5     14B5       20     296A       0
                text24                             147D     147D       1C     28FA       0
                text23                             143F     143F        D     287E       0
                text22                              861      861       5E     10C2       0
                text21                             1768     1768       4C     2ED0       0
                text20                             15E2     15E2       39     2BC4       0
                text19                             1691     1691       46     2D22       0
                text18                             14D5     14D5       24     29AA       0
                text17                              376      376      2EA        8       0
                text16                              B52      B52      1D3     16A4       0
                text15                             14F9     14F9       29     29F2       0
                text14                               31       31      345        8       0
                text13                              9FE      9FE       8E     13FC       0
                text12                              73C      73C       BA        8       0
                text11                              A8C      A8C       C6     1518       0
                text10                              8BF      8BF       68     117E       0
                text9                              161B     161B       3A     2C36       0
                text8                              171D     171D       4B     2E3A       0
                text7                              1522     1522       2E     2A44       0
                text6                              1499     1499       1C     2932       0
                text5                              17B4     17B4       4C     2F68       0
                text4                              1550     1550       2E     2AA0       0
                text3                              16D7     16D7       46     2DAE       0
                text2                              1655     1655       3C     2CAA       0
                text1                               660      660       DC        8       0
                maintext                            D25      D25      2DB     1A4A       0
                cstackBANK0                          20       20       50       20       1
                cstackCOMMON                         70       70        7       70       1
                cstackBANK1                          A0       A0       29       A0       1
                dataBANK1                            CF       CF        3       A0       1
                bssBANK1                             C9       C9        6       A0       1
                bssCOMMON                            77       77        4       70       1
                strings                            1000     1000       45     2000       0
                idataBANK1                          803      803        3     1006       0

TOTAL           Name                               Link     Load   Length     Space
        CLASS   CODE           
                end_init                              C        C        3         0
                cinit                                 F        F       22         0
                intentry                              4        4        8         0
                reset_vec                             0        0        3         0
                text44                             13F5     13F5        B         0
                text43                              990      990       6E         0
                text42                             144C     144C       17         0
                text41                             1463     1463       1A         0
                text40                              927      927       69         0
                text39                              806      806       5B         0
                text38                             157E     157E       32         0
                text37                             140B     140B        D         0
                text36                             1418     1418        D         0
                text35                             15B0     15B0       32         0
                text34                             13E3     13E3        9         0
                text33                             13EC     13EC        9         0
                text32                              7F6      7F6        A         0
                text31                             1425     1425        D         0
                text30                             13CB     13CB        8         0
                text29                             1432     1432        D         0
                text28                             13D3     13D3        8         0
                text27                             13DB     13DB        8         0
                text26                             1400     1400        B         0
                text25                             14B5     14B5       20         0
                text24                             147D     147D       1C         0
                text23                             143F     143F        D         0
                text22                              861      861       5E         0
                text21                             1768     1768       4C         0
                text20                             15E2     15E2       39         0
                text19                             1691     1691       46         0
                text18                             14D5     14D5       24         0
                text17                              376      376      2EA         0
                text16                              B52      B52      1D3         0
                text15                             14F9     14F9       29         0
                text14                               31       31      345         0
                text13                              9FE      9FE       8E         0
                text12                              73C      73C       BA         0
                text11                              A8C      A8C       C6         0
                text10                              8BF      8BF       68         0
                text9                              161B     161B       3A         0
                text8                              171D     171D       4B         0
                text7                              1522     1522       2E         0
                text6                              1499     1499       1C         0
                text5                              17B4     17B4       4C         0
                text4                              1550     1550       2E         0
                text3                              16D7     16D7       46         0
                text2                              1655     1655       3C         0
                text1                               660      660       DC         0
                maintext                            D25      D25      2DB         0
                idataBANK1                          803      803        3         0

        CLASS   STRCODE        

        CLASS   STRING         
                strings                            1000     1000       45         0

        CLASS   CONST          

        CLASS   ENTRY          

        CLASS   COMMON         
                cstackCOMMON                         70       70        7         1
                bssCOMMON                            77       77        4         1

        CLASS   BANK0          
                cstackBANK0                          20       20       50         1

        CLASS   BANK1          
                cstackBANK1                          A0       A0       29         1
                dataBANK1                            CF       CF        3         1
                bssBANK1                             C9       C9        6         1

        CLASS   BANK2          

        CLASS   BANK3          

        CLASS   RAM            

        CLASS   ABS1           
                abs_s1                               7E       7E        2         1

        CLASS   SFR0           

        CLASS   SFR1           

        CLASS   SFR2           

        CLASS   SFR3           

        CLASS   CONFIG         
                config                             2007     2007        2         4

        CLASS   IDLOC          
                idloc                              2000     2000        4         5

        CLASS   EEDATA         

        CLASS   STACK          



SEGMENTS        Name                           Load    Length   Top    Selector   Space  Class     Delta

                reset_vec                      000000  000003  000003         0       0  CODE        2
                intentry                       000004  0007FC  000800         8       0  CODE        2
                cstackBANK0                    000020  000050  000070        20       1  BANK0       1
                cstackCOMMON                   000070  00000B  00007B        70       1  COMMON      1
                cstackBANK1                    0000A0  000032  0000D2        A0       1  BANK1       1
                idataBANK1                     000803  000003  000806      1006       0  CODE        2
                text39                         000806  00005B  000861      100C       0  CODE        2
                text22                         000861  00005E  0008BF      10C2       0  CODE        2
                text10                         0008BF  000068  000927      117E       0  CODE        2
                text40                         000927  000069  000990      124E       0  CODE        2
                text43                         000990  00006E  0009FE      1320       0  CODE        2
                text13                         0009FE  00008E  000A8C      13FC       0  CODE        2
                text11                         000A8C  0000C6  000B52      1518       0  CODE        2
                text16                         000B52  0001D3  000D25      16A4       0  CODE        2
                maintext                       000D25  0002DB  001000      1A4A       0  CODE        2
                strings                        001000  000045  001045      2000       0  STRING      2
                text30                         0013CB  000008  0013D3      2796       0  CODE        2
                text28                         0013D3  000008  0013DB      27A6       0  CODE        2
                text27                         0013DB  000008  0013E3      27B6       0  CODE        2
                text34                         0013E3  000009  0013EC      27C6       0  CODE        2
                text33                         0013EC  000009  0013F5      27D8       0  CODE        2
                text44                         0013F5  00000B  001400      27EA       0  CODE        2
                text26                         001400  00000B  00140B      2800       0  CODE        2
                text37                         00140B  00000D  001418      2816       0  CODE        2
                text36                         001418  00000D  001425      2830       0  CODE        2
                text31                         001425  00000D  001432      284A       0  CODE        2
                text29                         001432  00000D  00143F      2864       0  CODE        2
                text23                         00143F  00000D  00144C      287E       0  CODE        2
                text42                         00144C  000017  001463      2898       0  CODE        2
                text41                         001463  00001A  00147D      28C6       0  CODE        2
                text24                         00147D  00001C  001499      28FA       0  CODE        2
                text6                          001499  00001C  0014B5      2932       0  CODE        2
                text25                         0014B5  000020  0014D5      296A       0  CODE        2
                text18                         0014D5  000024  0014F9      29AA       0  CODE        2
                text15                         0014F9  000029  001522      29F2       0  CODE        2
                text7                          001522  00002E  001550      2A44       0  CODE        2
                text4                          001550  00002E  00157E      2AA0       0  CODE        2
                text38                         00157E  000032  0015B0      2AFC       0  CODE        2
                text35                         0015B0  000032  0015E2      2B60       0  CODE        2
                text20                         0015E2  000039  00161B      2BC4       0  CODE        2
                text9                          00161B  00003A  001655      2C36       0  CODE        2
                text2                          001655  00003C  001691      2CAA       0  CODE        2
                text19                         001691  000046  0016D7      2D22       0  CODE        2
                text3                          0016D7  000046  00171D      2DAE       0  CODE        2
                text8                          00171D  00004B  001768      2E3A       0  CODE        2
                text21                         001768  00004C  0017B4      2ED0       0  CODE        2
                text5                          0017B4  00004C  001800      2F68       0  CODE        2


UNUSED ADDRESS RANGES

        Name                Unused          Largest block    Delta
        BANK1            00D2-00EF             1E           1
        BANK2            0110-016F             60           1
        BANK3            0190-01EF             60           1
        CODE             0003-0003              1           2
                         0800-0802              3
                         1045-13CA            386
                         1800-1FFF            800
        COMMON           007B-007D              3           1
        CONST            0003-0003              1           2
                         0800-0802              3
                         1045-13CA            100
                         1800-1FFF            100
        EEDATA           2100-21FF            100           2
        ENTRY            0003-0003              1           2
                         0800-0802              3
                         1045-13CA            100
                         1800-1FFF            100
        RAM              00D2-00EF             1E           1
                         0110-016F             60
                         0190-01EF             60
        SFR0             0000-001F             20           1
        SFR1             0080-009F             20           1
        SFR2             0100-010F             10           1
        SFR3             0180-018F             10           1
        STRCODE          0003-0003              1           2
                         0800-0802              3
                         1045-13CA            386
                         1800-1FFF            800
        STRING           0003-0003              1           2
                         0800-0802              3
                         1045-13CA            100
                         1800-1FFF            100

                                  Symbol Table

?_I2C_Master_Read         cstackBANK0  0020
?__Umul8_16               cstackBANK0  0020
?___awdiv                 cstackBANK0  0020
?___awmod                 cstackBANK0  0020
?___fladd                 cstackBANK0  0062
?___fldiv                 cstackBANK0  002E
?___flmul                 cstackBANK0  0048
?___fltol                 cstackBANK1  00A8
?___lldiv                 cstackBANK0  0020
?___lwdiv                 cstackBANK0  0020
?___lwmod                 cstackBANK0  0028
?___xxtofl                cstackBANK0  0020
?_adc_read                cstackCOMMON 0070
?_map                     cstackBANK1  00B0
?_sprintf                 cstackBANK0  002E
BCD_a_Decimal@numero      cstackBANK0  0026
Decimal_a_BCD@numero      cstackBANK0  002E
I2C_Master_Init@c         cstackBANK0  002E
I2C_Master_Read@a         cstackBANK0  0020
I2C_Master_Read@temp      cstackBANK0  0024
I2C_Master_Write@d        cstackBANK0  0020
I2C_Slave_Init@address    cstackBANK0  0020
I2C_Write@data            cstackBANK0  0020
Lcd_Cmd@a                 cstackBANK0  0023
Lcd_Port@a                cstackBANK0  0020
Lcd_Set_Cursor@a          cstackBANK0  0026
Lcd_Set_Cursor@b          cstackBANK0  0024
Lcd_Set_Cursor@temp       cstackBANK0  0029
Lcd_Set_Cursor@y          cstackBANK0  0028
Lcd_Set_Cursor@z          cstackBANK0  0027
Lcd_Write_Char@a          cstackBANK0  0024
Lcd_Write_Char@temp       cstackBANK0  0022
Lcd_Write_Char@y          cstackBANK0  0023
Lcd_Write_String@a        cstackBANK0  0025
Lcd_Write_String@i        cstackBANK0  002A
_ADCON0bits               (abs)        001F
_ADCON1bits               (abs)        009F
_ADRESH                   (abs)        001E
_ANSEL                    (abs)        0188
_ANSELH                   (abs)        0189
_BCD_a_Decimal            text41       1463
_BF                       (abs)        04A0
_Decimal_a_BCD            text38       157E
_GIE                      (abs)        005F
_I2C_Ack                  text37       140B
_I2C_Master_Init          text9        161B
_I2C_Master_Read          text35       15B0
_I2C_Master_Start         text34       13E3
_I2C_Master_Stop          text33       13EC
_I2C_Master_Wait          text36       1418
_I2C_Master_Write         text32       07F6
_I2C_NO_Ack               text31       1425
_I2C_ReStart              text30       13CB
_I2C_Read                 text29       1432
_I2C_Slave_Init           text6        1499
_I2C_Start                text28       13D3
_I2C_Stop                 text27       13DB
_I2C_Write                text26       1400
_INTCONbits               (abs)        000B
_Lcd_Clear                text23       143F
_Lcd_Cmd                  text24       147D
_Lcd_Init                 text22       0861
_Lcd_Port                 text25       14B5
_Lcd_Set_Cursor           text21       1768
_Lcd_Write_Char           text20       15E2
_Lcd_Write_String         text19       1691
_OPTION_REGbits           (abs)        0081
_OSCCONbits               (abs)        008F
_PEIE                     (abs)        005E
_PIE1bits                 (abs)        008C
_PIR1bits                 (abs)        000C
_PORTA                    (abs)        0005
_PORTB                    (abs)        0006
_PORTCbits                (abs)        0007
_PORTD                    (abs)        0008
_PORTDbits                (abs)        0008
_RD3                      (abs)        0043
_RD4                      (abs)        0044
_RD5                      (abs)        0045
_RD6                      (abs)        0046
_RD7                      (abs)        0047
_SSPADD                   (abs)        0093
_SSPBUF                   (abs)        0013
_SSPCON                   (abs)        0014
_SSPCON2                  (abs)        0091
_SSPCON2bits              (abs)        0091
_SSPCONbits               (abs)        0014
_SSPIE                    (abs)        0463
_SSPIF                    (abs)        0063
_SSPSTAT                  (abs)        0094
_SSPSTATbits              (abs)        0094
_TMR0                     (abs)        0001
_TRISA                    (abs)        0085
_TRISB                    (abs)        0086
_TRISC3                   (abs)        043B
_TRISC4                   (abs)        043C
_TRISCbits                (abs)        0087
_TRISD                    (abs)        0088
_VAL_POT_0                bssBANK1     00CB
_VOLTAJE_0                bssBANK1     00C9
__Habs1                   abs1         0000
__Hbank0                  bank0        0000
__Hbank1                  bank1        0000
__Hbank2                  bank2        0000
__Hbank3                  bank3        0000
__HbssBANK1               bssBANK1     0000
__HbssCOMMON              bssCOMMON    0000
__Hcinit                  cinit        0031
__Hclrtext                clrtext      0000
__Hcode                   code         0000
__Hcommon                 common       0000
__Hconfig                 config       2009
__HcstackBANK0            cstackBANK0  0000
__HcstackBANK1            cstackBANK1  0000
__HcstackCOMMON           cstackCOMMON 0000
__HdataBANK1              dataBANK1    0000
__Heeprom_data            eeprom_data  0000
__Hend_init               end_init     000F
__Hfunctab                functab      0000
__HidataBANK1             idataBANK1   0000
__Hidloc                  idloc        2004
__Hinit                   init         000C
__Hintentry               intentry     000C
__Hmaintext               maintext     0000
__Hpowerup                powerup      0000
__Hram                    ram          0000
__Hreset_vec              reset_vec    0003
__Hsfr0                   sfr0         0000
__Hsfr1                   sfr1         0000
__Hsfr2                   sfr2         0000
__Hsfr3                   sfr3         0000
__Hspace_0                (abs)        1800
__Hspace_1                (abs)        00D2
__Hspace_2                (abs)        0000
__Hspace_3                (abs)        0000
__Hspace_4                (abs)        4010
__Hstack                  stack        0000
__Hstrings                strings      0000
__Htext                   text         0000
__Labs1                   abs1         0000
__Lbank0                  bank0        0000
__Lbank1                  bank1        0000
__Lbank2                  bank2        0000
__Lbank3                  bank3        0000
__LbssBANK1               bssBANK1     0000
__LbssCOMMON              bssCOMMON    0000
__Lcinit                  cinit        000F
__Lclrtext                clrtext      0000
__Lcode                   code         0000
__Lcommon                 common       0000
__Lconfig                 config       0000
__LcstackBANK0            cstackBANK0  0000
__LcstackBANK1            cstackBANK1  0000
__LcstackCOMMON           cstackCOMMON 0000
__LdataBANK1              dataBANK1    0000
__Leeprom_data            eeprom_data  0000
__Lend_init               end_init     000C
__Lfunctab                functab      0000
__LidataBANK1             idataBANK1   0000
__Lidloc                  idloc        0000
__Linit                   init         000C
__Lintentry               intentry     0004
__Lmaintext               maintext     0000
__Lpowerup                powerup      0000
__Lram                    ram          0000
__Lreset_vec              reset_vec    0000
__Lsfr0                   sfr0         0000
__Lsfr1                   sfr1         0000
__Lsfr2                   sfr2         0000
__Lsfr3                   sfr3         0000
__Lspace_0                (abs)        0000
__Lspace_1                (abs)        0000
__Lspace_2                (abs)        0000
__Lspace_3                (abs)        0000
__Lspace_4                (abs)        0000
__Lstack                  stack        0000
__Lstrings                strings      0000
__Ltext                   text         0000
__S0                      (abs)        1800
__S1                      (abs)        00D2
__S3                      (abs)        0000
__Umul8_16                text15       14F9
__Umul8_16@multiplicand   cstackBANK0  0020
__Umul8_16@multiplier     cstackBANK0  0028
__Umul8_16@product        cstackBANK0  0024
__Umul8_16@word_mpld      cstackBANK0  0026
___awdiv                  text40       0927
___awdiv@counter          cstackBANK0  0025
___awdiv@dividend         cstackBANK0  0022
___awdiv@divisor          cstackBANK0  0020
___awdiv@quotient         cstackBANK0  0027
___awdiv@sign             cstackBANK0  0026
___awmod                  text39       0806
___awmod@counter          cstackBANK0  0025
___awmod@dividend         cstackBANK0  0022
___awmod@divisor          cstackBANK0  0020
___awmod@sign             cstackBANK0  0026
___bmul                   text42       144C
___bmul@multiplicand      cstackBANK0  0020
___bmul@multiplier        cstackBANK0  0023
___bmul@product           cstackBANK0  0022
___fladd                  text17       0376
___fladd@a                cstackBANK0  0066
___fladd@aexp             cstackBANK0  006B
___fladd@b                cstackBANK0  0062
___fladd@bexp             cstackBANK0  006C
___fladd@grs              cstackBANK0  006D
___fladd@signs            cstackBANK0  006A
___fldiv                  text16       0B52
___fldiv@a                cstackBANK0  002E
___fldiv@aexp             cstackBANK0  0047
___fldiv@b                cstackBANK0  0032
___fldiv@bexp             cstackBANK0  0046
___fldiv@grs              cstackBANK0  0042
___fldiv@new_exp          cstackBANK0  0040
___fldiv@rem              cstackBANK0  003B
___fldiv@sign             cstackBANK0  003F
___flmul                  text14       0031
___flmul@a                cstackBANK0  004C
___flmul@aexp             cstackBANK0  005A
___flmul@b                cstackBANK0  0048
___flmul@bexp             cstackBANK0  005B
___flmul@grs              cstackBANK0  0056
___flmul@prod             cstackBANK0  005C
___flmul@sign             cstackBANK0  0055
___flmul@temp             cstackBANK0  0060
___fltol                  text13       09FE
___fltol@exp1             cstackBANK0  006F
___fltol@f1               cstackBANK1  00A8
___fltol@sign1            cstackBANK0  006E
___int_sp                 stack        0000
___latbits                (abs)        0002
___lldiv                  text10       08BF
___lldiv@counter          cstackBANK0  002D
___lldiv@dividend         cstackBANK0  0024
___lldiv@divisor          cstackBANK0  0020
___lldiv@quotient         cstackBANK0  0029
___lwdiv                  text3        16D7
___lwdiv@counter          cstackBANK0  0027
___lwdiv@dividend         cstackBANK0  0022
___lwdiv@divisor          cstackBANK0  0020
___lwdiv@quotient         cstackBANK0  0025
___lwmod                  text2        1655
___lwmod@counter          cstackBANK0  002D
___lwmod@dividend         cstackBANK0  002A
___lwmod@divisor          cstackBANK0  0028
___sp                     stack        0000
___stackhi                (abs)        0000
___stacklo                (abs)        0000
___xxtofl                 text12       073C
___xxtofl@arg             cstackBANK0  002A
___xxtofl@exp             cstackBANK0  0029
___xxtofl@sign            cstackBANK0  0028
___xxtofl@val             cstackBANK0  0020
__end_of_BCD_a_Decimal    text41       147D
__end_of_Decimal_a_BCD    text38       15B0
__end_of_I2C_Ack          text37       1418
__end_of_I2C_Master_Init  text9        1655
__end_of_I2C_Master_Read  text35       15E2
__end_of_I2C_Master_Start text34       13EC
__end_of_I2C_Master_Stop  text33       13F5
__end_of_I2C_Master_Wait  text36       1425
__end_of_I2C_Master_Write text32       0800
__end_of_I2C_NO_Ack       text31       1432
__end_of_I2C_ReStart      text30       13D3
__end_of_I2C_Read         text29       143F
__end_of_I2C_Slave_Init   text6        14B5
__end_of_I2C_Start        text28       13DB
__end_of_I2C_Stop         text27       13E3
__end_of_I2C_Write        text26       140B
__end_of_Lcd_Clear        text23       144C
__end_of_Lcd_Cmd          text24       1499
__end_of_Lcd_Init         text22       08BF
__end_of_Lcd_Port         text25       14D5
__end_of_Lcd_Set_Cursor   text21       17B4
__end_of_Lcd_Write_Char   text20       161B
__end_of_Lcd_Write_String text19       16D7
__end_of__Umul8_16        text15       1522
__end_of___awdiv          text40       0990
__end_of___awmod          text39       0861
__end_of___bmul           text42       1463
__end_of___fladd          text17       0660
__end_of___fldiv          text16       0D25
__end_of___flmul          text14       0376
__end_of___fltol          text13       0A8C
__end_of___lldiv          text10       0927
__end_of___lwdiv          text3        171D
__end_of___lwmod          text2        1691
__end_of___xxtofl         text12       07F6
__end_of__initialization  cinit        002D
__end_of__stringtab       strings      1010
__end_of_adc_init         text5        1800
__end_of_adc_read         text44       1400
__end_of_adc_start        text18       14F9
__end_of_dpowers          strings      101A
__end_of_init_osc_MHz     text8        1768
__end_of_isr              text43       09FE
__end_of_main             maintext     1000
__end_of_map              text11       0B52
__end_of_setup            text7        1550
__end_of_setup2           text4        157E
__end_of_sprintf          text1        073C
__initialization          cinit        000F
__pbssBANK1               bssBANK1     00C9
__pbssCOMMON              bssCOMMON    0077
__pcstackBANK0            cstackBANK0  0020
__pcstackBANK1            cstackBANK1  00A0
__pcstackCOMMON           cstackCOMMON 0070
__pdataBANK1              dataBANK1    00CF
__pidataBANK1             idataBANK1   0803
__pintentry               intentry     0004
__pmaintext               maintext     0D25
__pstrings                strings      1000
__ptext1                  text1        0660
__ptext10                 text10       08BF
__ptext11                 text11       0A8C
__ptext12                 text12       073C
__ptext13                 text13       09FE
__ptext14                 text14       0031
__ptext15                 text15       14F9
__ptext16                 text16       0B52
__ptext17                 text17       0376
__ptext18                 text18       14D5
__ptext19                 text19       1691
__ptext2                  text2        1655
__ptext20                 text20       15E2
__ptext21                 text21       1768
__ptext22                 text22       0861
__ptext23                 text23       143F
__ptext24                 text24       147D
__ptext25                 text25       14B5
__ptext26                 text26       1400
__ptext27                 text27       13DB
__ptext28                 text28       13D3
__ptext29                 text29       1432
__ptext3                  text3        16D7
__ptext30                 text30       13CB
__ptext31                 text31       1425
__ptext32                 text32       07F6
__ptext33                 text33       13EC
__ptext34                 text34       13E3
__ptext35                 text35       15B0
__ptext36                 text36       1418
__ptext37                 text37       140B
__ptext38                 text38       157E
__ptext39                 text39       0806
__ptext4                  text4        1550
__ptext40                 text40       0927
__ptext41                 text41       1463
__ptext42                 text42       144C
__ptext43                 text43       0990
__ptext44                 text44       13F5
__ptext5                  text5        17B4
__ptext6                  text6        1499
__ptext7                  text7        1522
__ptext8                  text8        171D
__ptext9                  text9        161B
__stringbase              strings      100F
__stringtab               strings      1000
_adc_init                 text5        17B4
_adc_read                 text44       13F5
_adc_start                text18       14D5
_dec_POT_0                bssBANK1     00CC
_dpowers                  strings      1010
_hours                    dataBANK1    00D1
_init_POT_0               bssBANK1     00CD
_init_osc_MHz             text8        171D
_isr                      text43       0990
_main                     maintext     0D25
_map                      text11       0A8C
_minutes                  dataBANK1    00D0
_s                        bssBANK1     00CE
_seconds                  dataBANK1    00CF
_setup                    text7        1522
_setup2                   text4        1550
_sprintf                  text1        0660
_z                        bssCOMMON    0079
adc_init@adc_cs           cstackBANK0  0024
adc_init@vref_minus       cstackBANK0  0021
adc_init@vref_plus        cstackBANK0  0020
adc_start@channel         cstackBANK0  0021
btemp                     (abs)        007E
end_of_initialization     cinit        002D
init_osc_MHz@freq         cstackBANK0  0022
interrupt_function        intentry     0004
intlevel0                 functab      0000
intlevel1                 functab      0000
intlevel2                 functab      0000
intlevel3                 functab      0000
intlevel4                 functab      0000
intlevel5                 functab      0000
map@x                     cstackBANK1  00B6
map@x0                    cstackBANK1  00B0
map@x1                    cstackBANK1  00B1
map@y0                    cstackBANK1  00B2
map@y1                    cstackBANK1  00B4
reset_vec                 reset_vec    0000
saved_w                   (abs)        007E
sprintf@ap                cstackBANK0  0044
sprintf@c                 cstackBANK0  004A
sprintf@f                 cstackBANK0  002E
sprintf@flag              cstackBANK0  0045
sprintf@prec              cstackBANK0  0046
sprintf@sp                cstackBANK0  0049
sprintf@val               cstackBANK0  0047
start                     init         000C
start_initialization      cinit        000F
wtemp0                    (abs)        007E


MODULE INFORMATION

Module		Function		Class		Link	Load	Size
C:\Program Files\Microchip\xc8\v2.40\pic\sources\c90\common\fltol.c
		___fltol       		CODE           	09FE	0000	142

C:\Program Files\Microchip\xc8\v2.40\pic\sources\c90\common\fltol.c estimated size: 142

I2C_librery.c
		_I2C_Write     		CODE           	1400	0000	11
		_I2C_Stop      		CODE           	13DB	0000	8
		_I2C_Read      		CODE           	1432	0000	13
		_I2C_Ack       		CODE           	140B	0000	13
		_I2C_Start     		CODE           	13D3	0000	8
		_I2C_NO_Ack    		CODE           	1425	0000	13
		_I2C_ReStart   		CODE           	13CB	0000	8

I2C_librery.c estimated size: 74

C:\Program Files\Microchip\xc8\v2.40\pic\sources\c90\common\Umul8.c
		___bmul        		CODE           	144C	0000	23

C:\Program Files\Microchip\xc8\v2.40\pic\sources\c90\common\Umul8.c estimated size: 23

C:\Program Files\Microchip\xc8\v2.40\pic\sources\c90\common\awdiv.c
		___awdiv       		CODE           	0927	0000	105

C:\Program Files\Microchip\xc8\v2.40\pic\sources\c90\common\awdiv.c estimated size: 105

C:\Program Files\Microchip\xc8\v2.40\pic\sources\c90\common\sprcmul.c
		___flmul       		CODE           	0031	0000	837

C:\Program Files\Microchip\xc8\v2.40\pic\sources\c90\common\sprcmul.c estimated size: 837

I2C.c
		_I2C_Master_Read		CODE           	15B0	0000	50
		_I2C_Master_Wait		CODE           	1418	0000	13
		_I2C_Master_Init		CODE           	161B	0000	58
		_I2C_Master_Stop		CODE           	13EC	0000	9
		_I2C_Slave_Init		CODE           	1499	0000	28
		_I2C_Master_Write		CODE           	07F6	0000	10
		_I2C_Master_Start		CODE           	13E3	0000	9

I2C.c estimated size: 177

C:\Program Files\Microchip\xc8\v2.40\pic\sources\c90\common\__lldiv.c
		___lldiv       		CODE           	08BF	0000	104

C:\Program Files\Microchip\xc8\v2.40\pic\sources\c90\common\__lldiv.c estimated size: 104

C:\Program Files\Microchip\xc8\v2.40\pic\sources\c90\common\sprcdiv.c
		___fldiv       		CODE           	0B52	0000	467

C:\Program Files\Microchip\xc8\v2.40\pic\sources\c90\common\sprcdiv.c estimated size: 467

adc.c
		_adc_start     		CODE           	14D5	0000	36
		_adc_read      		CODE           	13F5	0000	11
		_adc_init      		CODE           	17B4	0000	76

adc.c estimated size: 123

C:\Program Files\Microchip\xc8\v2.40\pic\sources\c90\common\Umul8_16.c
		__Umul8_16     		CODE           	14F9	0000	41

C:\Program Files\Microchip\xc8\v2.40\pic\sources\c90\common\Umul8_16.c estimated size: 41

C:\Program Files\Microchip\xc8\v2.40\pic\sources\c90\common\doprnt.c
		_sprintf       		CODE           	0660	0000	220

C:\Program Files\Microchip\xc8\v2.40\pic\sources\c90\common\doprnt.c estimated size: 220

oscilador.c
		_init_osc_MHz  		CODE           	171D	0000	75

oscilador.c estimated size: 75

C:\Program Files\Microchip\xc8\v2.40\pic\sources\c90\common\lwmod.c
		___lwmod       		CODE           	1655	0000	60

C:\Program Files\Microchip\xc8\v2.40\pic\sources\c90\common\lwmod.c estimated size: 60

shared
		__stringtab    		STRING         	1000	0000	16
		_dpowers       		STRING         	1010	0000	10
		__initialization		CODE           	000F	0000	30

shared estimated size: 56

C:\Program Files\Microchip\xc8\v2.40\pic\sources\c90\common\sprcadd.c
		___fladd       		CODE           	0376	0000	746

C:\Program Files\Microchip\xc8\v2.40\pic\sources\c90\common\sprcadd.c estimated size: 746

C:\Program Files\Microchip\xc8\v2.40\pic\sources\c90\common\awmod.c
		___awmod       		CODE           	0806	0000	91

C:\Program Files\Microchip\xc8\v2.40\pic\sources\c90\common\awmod.c estimated size: 91

main.c
		_map           		CODE           	0A8C	0000	198
		_main          		CODE           	0D25	0000	731
		_isr           		CODE           	0990	0000	110
		_BCD_a_Decimal 		CODE           	1463	0000	26
		_Decimal_a_BCD 		CODE           	157E	0000	50
		_setup         		CODE           	1522	0000	46
		_setup2        		CODE           	1550	0000	46

main.c estimated size: 1207

C:\Program Files\Microchip\xc8\v2.40\pic\sources\c90\common\lwdiv.c
		___lwdiv       		CODE           	16D7	0000	70

C:\Program Files\Microchip\xc8\v2.40\pic\sources\c90\common\lwdiv.c estimated size: 70

C:\Program Files\Microchip\xc8\v2.40\pic\sources\c90\common\xxtofl.c
		___xxtofl      		CODE           	073C	0000	186

C:\Program Files\Microchip\xc8\v2.40\pic\sources\c90\common\xxtofl.c estimated size: 186

LCD.c
		_Lcd_Write_String		CODE           	1691	0000	70
		_Lcd_Init      		CODE           	0861	0000	94
		_Lcd_Write_Char		CODE           	15E2	0000	57
		_Lcd_Cmd       		CODE           	147D	0000	28
		_Lcd_Set_Cursor		CODE           	1768	0000	76
		_Lcd_Clear     		CODE           	143F	0000	13
		_Lcd_Port      		CODE           	14B5	0000	32

LCD.c estimated size: 370

